logic__29: 
dsp48e1__8: 
muxpart__5: 
muxpart__2: 
logic__95: 
extrom: 
reg__18: 
logic__111: 
case__15: 
reg__21: 
logic__139: 
reg__40: 
datapath__7: 
rom__2: 
case__37: 
case__32: 
reg__48: 
case__26: 
reg__49: 
reg__10: 
vga_sync: 
datapath__12: 
dsp48e1__4: 
logic__99: 
reg__14: 
dsp48e1__6: 
datapath__16: 
logic__76: 
datapath__2: 
dsp48e1__5: 
datapath__6: 
case__22: 
logic__130: 
reg__16: 
vga_clk_25MHz: 
reg__22: 
logic__20: 
reg__17: 
case__25: 
datapath__5: 
logic__46: 
reg__13: 
logic__52: 
reg__45: 
logic__5: 
case__29: 
case__24: 
rom__1: 
reg__5: 
datapath__15: 
datapath__4: 
reg__1: 
rom: 
reg__35: 
datapath__10: 
reg__7: 
logic__127: 
logic__58: 
world: 
reg__8: 
reg__46: 
reg__38: 
logic__33: 
ray_calculator: 
reg__27: 
logic__55: 
logic__62: 
dsp48e1__1: 
reg__44: 
datapath__14: 
case__21: 
rom__3: 
logic__78: 
logic__124: 
case__2: 
reg__33: 
datapath: 
counter: 
reg__47: 
reg__31: 
dsp48e1: 
reg__19: 
reg__50: 
reg__24: 
logic: 
extrom__1: 
logic__91: 
case: 
case__34: 
logic__23: 
reg__41: 
logic__112: 
logic__94: 
case__16: 
case__31: 
ray_counter: 
reg__32: 
reg__34: 
case__1: 
logic__2: 
datapath__8: 
logic__85: 
reg__23: 
reg__30: 
datapath__9: 
case__36: 
reg__37: 
logic__59: 
datapath__13: 
datapath__1: 
reg__4: 
logic__118: 
logic__12: 
dsp48e1__7: 
reg__25: 
reg__39: 
vga_top: 
case__18: 
logic__72: 
muxpart__1: 
case__13: 
logic__56: 
logic__57: 
logic__49: 
case__3: 
pla: 
reg__36: 
logic__65: 
ray_feeder: 
logic__98: 
dsp48e1__2: 
fsm: 
case__4: 
reg__20: 
case__17: 
datapath__17: 
logic__17: 
reg__9: 
case__20: 
logic__1: 
case__35: 
reg__2: 
case__14: 
datapath__11: 
reg__28: 
reg__26: 
case__27: 
reg: 
height_calculator: 
datapath__3: 
reg__15: 
case__28: 
dsp48e1__3: 
reg__3: 
reg__42: 
case__30: 
reg__6: 
reg__43: 
logic__100: 
muxpart: 
logic__26: 
reg__29: 
logic__89: 
case__12: 
muxpart__4: 
case__33: 
