extrom: 
case__30: 
case__12: 
case__22: 
reg__19: 
case__25: 
datapath__12: 
logic__106: 
logic__17: 
datapath__11: 
rom__1: 
dsp48e1__5: 
logic__121: 
reg__45: 
case__23: 
logic__50: 
reg__3: 
reg__6: 
reg__25: 
datapath__19: 
logic__40: 
dsp48e1__2: 
reg__8: 
reg__48: 
reg__35: 
reg__42: 
datapath__17: 
reg__13: 
datapath__2: 
dsp48e1__6: 
logic__83: 
datapath__18: 
reg__23: 
logic__72: 
height_calculator: 
reg__39: 
reg__49: 
reg__41: 
reg__47: 
reg__44: 
reg__36: 
logic__79: 
reg__22: 
logic__43: 
case__2: 
case__10: 
logic__49: 
reg__34: 
reg__26: 
reg__50: 
muxpart__5: 
rom: 
extrom__1: 
logic__56: 
datapath__4: 
datapath__21: 
rom__3: 
logic__114: 
case__18: 
case__33: 
logic__23: 
logic__2: 
case__34: 
datapath__5: 
case__27: 
dsp48e1__3: 
ray_feeder: 
case__14: 
vga_top: 
reg__27: 
datapath__13: 
reg__1: 
case__31: 
reg__24: 
muxpart__4: 
datapath__9: 
reg__5: 
datapath: 
counter: 
logic__46: 
case__15: 
reg__33: 
dsp48e1: 
logic__122: 
logic__51: 
logic__52: 
reg__32: 
case__35: 
reg__46: 
datapath__15: 
vga_clk_25MHz: 
logic: 
case: 
dsp48e1__7: 
logic__59: 
reg__31: 
case__28: 
reg__10: 
muxpart__2: 
logic__88: 
world: 
reg__20: 
logic__113: 
case__1: 
logic__66: 
logic__85: 
case__24: 
logic__93: 
ray_calculator: 
dsp48e1__1: 
logic__70: 
case__26: 
logic__94: 
case__32: 
reg__28: 
reg__38: 
logic__123: 
case__20: 
case__16: 
case__11: 
logic__105: 
extram: 
logic__92: 
datapath__3: 
case__13: 
reg__29: 
reg__30: 
reg__40: 
dsp48e1__8: 
datapath__16: 
pla: 
case__29: 
reg__16: 
fsm: 
logic__89: 
vga_sync: 
reg__2: 
datapath__6: 
logic__127: 
muxpart__1: 
logic__27: 
reg__15: 
rom__2: 
reg__14: 
datapath__8: 
logic__5: 
datapath__10: 
logic__120: 
logic__12: 
datapath__1: 
dsp48e1__4: 
logic__20: 
logic__1: 
case__19: 
logic__53: 
reg: 
reg__18: 
datapath__14: 
reg__43: 
datapath__20: 
datapath__7: 
reg__4: 
reg__9: 
muxpart: 
reg__17: 
reg__7: 
reg__21: 
ray_counter: 
logic__112: 
reg__37: 
